<html>
<body>
<pre>
<h1>µVision Build Log</h1>
<h2>Tool Versions:</h2>
IDE-Version: µVision V5.37.0.0
Copyright (C) 2022 ARM Ltd and ARM Germany GmbH. All rights reserved.
License Information: Ahmed Khaled, Cairo University, LIC=----
 
Tool Versions:
Toolchain:       MDK-Lite  Version: 5.37.0.0
Toolchain Path:  C:\Keil_v5\ARM\ARMCLANG\Bin
C Compiler:      ArmClang.exe V6.18
Assembler:       Armasm.exe V6.18
Linker/Locator:  ArmLink.exe V6.18
Library Manager: ArmAr.exe V6.18
Hex Converter:   FromElf.exe V6.18
CPU DLL:         SARMCM3.DLL V5.37.0.0
Dialog DLL:      DCM.DLL V1.17.5.0
Target DLL:      UL2CM3.DLL V1.164.7.0
Dialog DLL:      TCM.DLL V1.56.1.0
 
<h2>Project:</h2>
D:\my tasks\FWD-Embedded-Systems-Advanced-Track\ARM\Projects\Led Control\Led_Controllrer.uvprojx
Project File Date:  07/29/2022

<h2>Output:</h2>
*** Using Compiler 'V6.18', folder: 'C:\Keil_v5\ARM\ARMCLANG\Bin'
Rebuild target 'Target 1'
Config/Port_Lcfg.c(15): warning: In file included from...
./Config/Port_Cfg.h(17): warning: In file included from...
./Mcal/Inc\Port.h(19): warning: In file included from...
./Mcal/Inc/Port_Types.h(39): warning: // comments are not allowed in this language [-Wcomment]
    PORT_CHANNEL_A0,     //0
                         ^
./Mcal/Inc/Port_Types.h(103): warning: commas at the end of enumerator lists are a C99-specific feature [-Wc99-extensions]
 PORT_PIN_MODE_DIO = 0,
                      ^
2 warnings generated.
compiling Port_Lcfg.c...
Mcal/GPT.c(14): warning: In file included from...
./Mcal/Inc\GPT.h(20): warning: In file included from...
./Config\GPT_Cfg.h(43): warning: padding struct 'GPT_ConfigType' with 2 bytes to align 'GptChannelTickFrequency' [-Wpadded]
  uint32 GptChannelTickFrequency;
         ^
Mcal/GPT.c(59): warning: // comments are not allowed in this language [-Wcomment]
        TIMER_REG(TIMERS_baseAddress[GPT_ConfigParam[counter].GptChannelId],GPTMCTL) &= ~(1 << 0); //disable Timer A
                                                                                                   ^
Mcal/GPT.c(59): warning: implicit conversion changes signedness: 'int' to 'unsigned long' [-Wsign-conversion]
        TIMER_REG(TIMERS_baseAddress[GPT_ConfigParam[counter].GptChannelId],GPTMCTL) &= ~(1 << 0); //disable Timer A
                                                                                     ~~ ^~~~~~~~~
Mcal/GPT.c(63): warning: implicit conversion changes signedness: 'int' to 'unsigned long' [-Wsign-conversion]
        TIMER_REG(TIMERS_baseAddress[GPT_ConfigParam[counter].GptChannelId],GPTMTAMR) &= ~(0x03);       // mode one shot or periodic
                                                                                      ~~ ^~~~~~~
Mcal/GPT.c(77): warning: implicit conversion changes signedness: 'int' to 'unsigned long' [-Wsign-conversion]
    TIMER_REG(TIMERS_baseAddress[channel],GPTMIMR) &= ~(0x00010F1F);     //Disable all interrupts    
                                                   ~~ ^~~~~~~~~~~~~
Mcal/GPT.c(109): warning: no previous prototype for function 'TIMER0A_Handler' [-Wmissing-prototypes]
TIMER0A_Handler(){
^
Mcal/GPT.c(109): note: declare 'static' if the function is not intended to be used outside of this translation unit
TIMER0A_Handler(){
^
static 
Mcal/GPT.c(109): warning: this old-style function definition is not preceded by a prototype [-Wstrict-prototypes]
TIMER0A_Handler(){
               ^
Mcal/GPT.c(112): warning: non-void function does not return a value [-Wreturn-type]
}
^
8 warnings generated.
compiling GPT.c...
Mcal/IntCtrl.c(79): warning: implicit conversion changes signedness: 'int' to 'unsigned long' [-Wsign-conversion]
        NVIC->PRI[IntCtrl_ConfigParam[counter].interruptName / 4U] |= priority << ( (8*(IntCtrl_ConfigParam[counter].interruptName % 4U)) + 5 );
                                                                   ~~ ~~~~~~~~~^~~~~~~~~~~~~~~~~~~~~~~~~~~~~~~~~~~~~~~~~~~~~~~~~~~~~~~~~~~~~~~~
1 warning generated.
compiling IntCtrl.c...
Mcal/DIO.c(16): warning: In file included from...
./Mcal/Inc\DIO.h(19): warning: In file included from...
./Mcal/Inc/DIO_Types.h(40): warning: // comments are not allowed in this language [-Wcomment]
    DIO_CHANNEL_A0 = 0,     //0
                            ^
Mcal/DIO.c(67): warning: implicit conversion loses integer precision: 'volatile uint32' (aka 'volatile unsigned long') to 'DIO_LevelType' [-Wimplicit-int-conversion]
    return GPIO_REG( GPIO_baseAddress[port_id], GPIODATA + ( 1 << (2 + pin_id) ) );
    ~~~~~~ ^~~~~~~~~~~~~~~~~~~~~~~~~~~~~~~~~~~~~~~~~~~~~~~~~~~~~~~~~~~~~~~~~~~~~~~
./Mcal/Inc\DIO.h(26): note: expanded from macro 'GPIO_REG'
#define GPIO_REG(GPIO_BASE,REG_OFF)       *((volatile uint32*)(GPIO_BASE + REG_OFF))
                                          ^~~~~~~~~~~~~~~~~~~~~~~~~~~~~~~~~~~~~~~~~~
Mcal/DIO.c(87): warning: // comments are not allowed in this language [-Wcomment]
    //GPIO_REG( GPIO_baseAddress[port_id], GPIODATA + ( 1 << (2 + pin_id) ) ) =  (uint32)level << pin_id;
    ^
Mcal/DIO.c(82): warning: unused parameter 'level' [-Wunused-parameter]
void Dio_WriteChannel(DIO_ChannelType channelID, DIO_LevelType level){
                                                               ^
Mcal/DIO.c(106): warning: implicit conversion loses integer precision: 'volatile uint32' (aka 'volatile unsigned long') to 'DIO_PortLevelType' (aka 'unsigned char') [-Wimplicit-int-conversion]
    return GPIO_REG( GPIO_baseAddress[portID], GPIODATA + (255 <<2) );
    ~~~~~~ ^~~~~~~~~~~~~~~~~~~~~~~~~~~~~~~~~~~~~~~~~~~~~~~~~~~~~~~~~~
./Mcal/Inc\DIO.h(26): note: expanded from macro 'GPIO_REG'
#define GPIO_REG(GPIO_BASE,REG_OFF)       *((volatile uint32*)(GPIO_BASE + REG_OFF))
                                          ^~~~~~~~~~~~~~~~~~~~~~~~~~~~~~~~~~~~~~~~~~
Mcal/DIO.c(143): warning: implicit conversion loses integer precision: 'volatile uint32' (aka 'volatile unsigned long') to 'uint8' (aka 'unsigned char') [-Wimplicit-int-conversion]
    uint8 current_level = GPIO_REG( GPIO_baseAddress[port_id], GPIODATA + ( 1 << (2 + pin_id) ) );
          ~~~~~~~~~~~~~   ^~~~~~~~~~~~~~~~~~~~~~~~~~~~~~~~~~~~~~~~~~~~~~~~~~~~~~~~~~~~~~~~~~~~~~~
./Mcal/Inc\DIO.h(26): note: expanded from macro 'GPIO_REG'
#define GPIO_REG(GPIO_BASE,REG_OFF)       *((volatile uint32*)(GPIO_BASE + REG_OFF))
                                          ^~~~~~~~~~~~~~~~~~~~~~~~~~~~~~~~~~~~~~~~~~
Mcal/DIO.c(145): warning: implicit conversion changes signedness: 'int' to 'uint32' (aka 'unsigned long') [-Wsign-conversion]
    GPIO_REG( GPIO_baseAddress[port_id], GPIODATA + ( 1 << (2 + pin_id) ) ) =  (1 ^ current_level) << pin_id;
                                                                            ~  ~~~~~~~~~~~~~~~~~~~~^~~~~~~~~
Mcal/DIO.c(147): warning: implicit conversion loses integer precision: 'int' to 'DIO_LevelType' [-Wimplicit-int-conversion]
                return ( (1 ^ current_level) << pin_id );
                ~~~~~~   ~~~~~~~~~~~~~~~~~~~~^~~~~~~~~
8 warnings generated.
compiling DIO.c...
compiling IntCtrl_Lcfg.c...
Mcal/Port.c(15): warning: In file included from...
./Mcal/Inc\Port.h(19): warning: In file included from...
./Mcal/Inc/Port_Types.h(39): warning: // comments are not allowed in this language [-Wcomment]
    PORT_CHANNEL_A0,     //0
                         ^
./Mcal/Inc/Port_Types.h(103): warning: commas at the end of enumerator lists are a C99-specific feature [-Wc99-extensions]
 PORT_PIN_MODE_DIO = 0,
                      ^
Mcal/Port.c(65): warning: // comments are not allowed in this language [-Wcomment]
                GPIO_REG(GPIO_baseAddress[port_id],GPIODEN) &= ~(1U << pin_id); //clear Pin before inserting value
                                                                                ^
3 warnings generated.
compiling Port.c...
Appl/main.c(2): warning: In file included from...
./Mcal/Inc\Port.h(19): warning: In file included from...
./Mcal/Inc/Port_Types.h(39): warning: // comments are not allowed in this language [-Wcomment]
    PORT_CHANNEL_A0,     //0
                         ^
./Mcal/Inc/Port_Types.h(103): warning: commas at the end of enumerator lists are a C99-specific feature [-Wc99-extensions]
 PORT_PIN_MODE_DIO = 0,
                      ^
Appl/main.c(3): warning: In file included from...
./Mcal/Inc\DIO.h(19): warning: In file included from...
./Mcal/Inc/DIO_Types.h(40): warning: // comments are not allowed in this language [-Wcomment]
    DIO_CHANNEL_A0 = 0,     //0
                            ^
Appl/main.c(4): warning: In file included from...
./Mcal/Inc\GPT.h(20): warning: In file included from...
./Config\GPT_Cfg.h(43): warning: padding struct 'GPT_ConfigType' with 2 bytes to align 'GptChannelTickFrequency' [-Wpadded]
  uint32 GptChannelTickFrequency;
         ^
4 warnings generated.
compiling main.c...
Config/GPT_Lcfg.c(15): warning: In file included from...
./Config\GPT_Cfg.h(43): warning: padding struct 'GPT_ConfigType' with 2 bytes to align 'GptChannelTickFrequency' [-Wpadded]
  uint32 GptChannelTickFrequency;
         ^
1 warning generated.
compiling GPT_Lcfg.c...
assembling startup_TM4C123.s...
RTE/Device/TM4C123GH6PM/system_TM4C123.c(13): warning: In file included from...
C:/Users/ahmee/AppData/Local/Arm/Packs/Keil/TM4C_DFP/1.1.0/Device/Include/TM4C123\TM4C123.h(98): warning: In file included from...
C:/Users/ahmee/AppData/Local/Arm/Packs/Keil/TM4C_DFP/1.1.0/Device/Include/TM4C123/TM4C123GH6PM.h(298): warning: anonymous unions are a C11 extension [-Wc11-extensions]
  union {
  ^
C:/Users/ahmee/AppData/Local/Arm/Packs/Keil/TM4C_DFP/1.1.0/Device/Include/TM4C123/TM4C123GH6PM.h(338): warning: anonymous unions are a C11 extension [-Wc11-extensions]
  union {
  ^
C:/Users/ahmee/AppData/Local/Arm/Packs/Keil/TM4C_DFP/1.1.0/Device/Include/TM4C123/TM4C123GH6PM.h(357): warning: anonymous unions are a C11 extension [-Wc11-extensions]
  union {
  ^
C:/Users/ahmee/AppData/Local/Arm/Packs/Keil/TM4C_DFP/1.1.0/Device/Include/TM4C123/TM4C123GH6PM.h(713): warning: anonymous unions are a C11 extension [-Wc11-extensions]
  union {
  ^
C:/Users/ahmee/AppData/Local/Arm/Packs/Keil/TM4C_DFP/1.1.0/Device/Include/TM4C123/TM4C123GH6PM.h(729): warning: anonymous unions are a C11 extension [-Wc11-extensions]
  union {
  ^
C:/Users/ahmee/AppData/Local/Arm/Packs/Keil/TM4C_DFP/1.1.0/Device/Include/TM4C123/TM4C123GH6PM.h(774): warning: anonymous unions are a C11 extension [-Wc11-extensions]
  union {
  ^
C:/Users/ahmee/AppData/Local/Arm/Packs/Keil/TM4C_DFP/1.1.0/Device/Include/TM4C123/TM4C123GH6PM.h(779): warning: anonymous unions are a C11 extension [-Wc11-extensions]
  union {
  ^
C:/Users/ahmee/AppData/Local/Arm/Packs/Keil/TM4C_DFP/1.1.0/Device/Include/TM4C123/TM4C123GH6PM.h(872): warning: anonymous unions are a C11 extension [-Wc11-extensions]
  union {
  ^
C:/Users/ahmee/AppData/Local/Arm/Packs/Keil/TM4C_DFP/1.1.0/Device/Include/TM4C123/TM4C123GH6PM.h(885): warning: anonymous unions are a C11 extension [-Wc11-extensions]
  union {
  ^
C:/Users/ahmee/AppData/Local/Arm/Packs/Keil/TM4C_DFP/1.1.0/Device/Include/TM4C123/TM4C123GH6PM.h(892): warning: anonymous unions are a C11 extension [-Wc11-extensions]
  union {
  ^
C:/Users/ahmee/AppData/Local/Arm/Packs/Keil/TM4C_DFP/1.1.0/Device/Include/TM4C123/TM4C123GH6PM.h(897): warning: anonymous unions are a C11 extension [-Wc11-extensions]
  union {
  ^
C:/Users/ahmee/AppData/Local/Arm/Packs/Keil/TM4C_DFP/1.1.0/Device/Include/TM4C123/TM4C123GH6PM.h(904): warning: anonymous unions are a C11 extension [-Wc11-extensions]
  union {
  ^
C:/Users/ahmee/AppData/Local/Arm/Packs/Keil/TM4C_DFP/1.1.0/Device/Include/TM4C123/TM4C123GH6PM.h(910): warning: anonymous unions are a C11 extension [-Wc11-extensions]
  union {
  ^
C:/Users/ahmee/AppData/Local/Arm/Packs/Keil/TM4C_DFP/1.1.0/Device/Include/TM4C123/TM4C123GH6PM.h(917): warning: anonymous unions are a C11 extension [-Wc11-extensions]
  union {
  ^
C:/Users/ahmee/AppData/Local/Arm/Packs/Keil/TM4C_DFP/1.1.0/Device/Include/TM4C123/TM4C123GH6PM.h(924): warning: anonymous unions are a C11 extension [-Wc11-extensions]
  union {
  ^
C:/Users/ahmee/AppData/Local/Arm/Packs/Keil/TM4C_DFP/1.1.0/Device/Include/TM4C123/TM4C123GH6PM.h(929): warning: anonymous unions are a C11 extension [-Wc11-extensions]
  union {
  ^
C:/Users/ahmee/AppData/Local/Arm/Packs/Keil/TM4C_DFP/1.1.0/Device/Include/TM4C123/TM4C123GH6PM.h(936): warning: anonymous unions are a C11 extension [-Wc11-extensions]
  union {
  ^
C:/Users/ahmee/AppData/Local/Arm/Packs/Keil/TM4C_DFP/1.1.0/Device/Include/TM4C123/TM4C123GH6PM.h(942): warning: anonymous unions are a C11 extension [-Wc11-extensions]
  union {
  ^
C:/Users/ahmee/AppData/Local/Arm/Packs/Keil/TM4C_DFP/1.1.0/Device/Include/TM4C123/TM4C123GH6PM.h(949): warning: anonymous unions are a C11 extension [-Wc11-extensions]
  union {
  ^
C:/Users/ahmee/AppData/Local/Arm/Packs/Keil/TM4C_DFP/1.1.0/Device/Include/TM4C123/TM4C123GH6PM.h(956): warning: anonymous unions are a C11 extension [-Wc11-extensions]
  union {
  ^
C:/Users/ahmee/AppData/Local/Arm/Packs/Keil/TM4C_DFP/1.1.0/Device/Include/TM4C123/TM4C123GH6PM.h(961): warning: anonymous unions are a C11 extension [-Wc11-extensions]
  union {
  ^
C:/Users/ahmee/AppData/Local/Arm/Packs/Keil/TM4C_DFP/1.1.0/Device/Include/TM4C123/TM4C123GH6PM.h(968): warning: anonymous unions are a C11 extension [-Wc11-extensions]
  union {
  ^
C:/Users/ahmee/AppData/Local/Arm/Packs/Keil/TM4C_DFP/1.1.0/Device/Include/TM4C123/TM4C123GH6PM.h(974): warning: anonymous unions are a C11 extension [-Wc11-extensions]
  union {
  ^
C:/Users/ahmee/AppData/Local/Arm/Packs/Keil/TM4C_DFP/1.1.0/Device/Include/TM4C123/TM4C123GH6PM.h(981): warning: anonymous unions are a C11 extension [-Wc11-extensions]
  union {
  ^
C:/Users/ahmee/AppData/Local/Arm/Packs/Keil/TM4C_DFP/1.1.0/Device/Include/TM4C123/TM4C123GH6PM.h(988): warning: anonymous unions are a C11 extension [-Wc11-extensions]
  union {
  ^
C:/Users/ahmee/AppData/Local/Arm/Packs/Keil/TM4C_DFP/1.1.0/Device/Include/TM4C123/TM4C123GH6PM.h(993): warning: anonymous unions are a C11 extension [-Wc11-extensions]
  union {
  ^
C:/Users/ahmee/AppData/Local/Arm/Packs/Keil/TM4C_DFP/1.1.0/Device/Include/TM4C123/TM4C123GH6PM.h(1000): warning: anonymous unions are a C11 extension [-Wc11-extensions]
  union {
  ^
C:/Users/ahmee/AppData/Local/Arm/Packs/Keil/TM4C_DFP/1.1.0/Device/Include/TM4C123/TM4C123GH6PM.h(1006): warning: anonymous unions are a C11 extension [-Wc11-extensions]
  union {
  ^
C:/Users/ahmee/AppData/Local/Arm/Packs/Keil/TM4C_DFP/1.1.0/Device/Include/TM4C123/TM4C123GH6PM.h(1013): warning: anonymous unions are a C11 extension [-Wc11-extensions]
  union {
  ^
C:/Users/ahmee/AppData/Local/Arm/Packs/Keil/TM4C_DFP/1.1.0/Device/Include/TM4C123/TM4C123GH6PM.h(1020): warning: anonymous unions are a C11 extension [-Wc11-extensions]
  union {
  ^
C:/Users/ahmee/AppData/Local/Arm/Packs/Keil/TM4C_DFP/1.1.0/Device/Include/TM4C123/TM4C123GH6PM.h(1025): warning: anonymous unions are a C11 extension [-Wc11-extensions]
  union {
  ^
C:/Users/ahmee/AppData/Local/Arm/Packs/Keil/TM4C_DFP/1.1.0/Device/Include/TM4C123/TM4C123GH6PM.h(1032): warning: anonymous unions are a C11 extension [-Wc11-extensions]
  union {
  ^
C:/Users/ahmee/AppData/Local/Arm/Packs/Keil/TM4C_DFP/1.1.0/Device/Include/TM4C123/TM4C123GH6PM.h(1038): warning: anonymous unions are a C11 extension [-Wc11-extensions]
  union {
  ^
C:/Users/ahmee/AppData/Local/Arm/Packs/Keil/TM4C_DFP/1.1.0/Device/Include/TM4C123/TM4C123GH6PM.h(1045): warning: anonymous unions are a C11 extension [-Wc11-extensions]
  union {
  ^
C:/Users/ahmee/AppData/Local/Arm/Packs/Keil/TM4C_DFP/1.1.0/Device/Include/TM4C123/TM4C123GH6PM.h(1052): warning: anonymous unions are a C11 extension [-Wc11-extensions]
  union {
  ^
C:/Users/ahmee/AppData/Local/Arm/Packs/Keil/TM4C_DFP/1.1.0/Device/Include/TM4C123/TM4C123GH6PM.h(1057): warning: anonymous unions are a C11 extension [-Wc11-extensions]
  union {
  ^
C:/Users/ahmee/AppData/Local/Arm/Packs/Keil/TM4C_DFP/1.1.0/Device/Include/TM4C123/TM4C123GH6PM.h(1064): warning: anonymous unions are a C11 extension [-Wc11-extensions]
  union {
  ^
C:/Users/ahmee/AppData/Local/Arm/Packs/Keil/TM4C_DFP/1.1.0/Device/Include/TM4C123/TM4C123GH6PM.h(1070): warning: anonymous unions are a C11 extension [-Wc11-extensions]
  union {
  ^
C:/Users/ahmee/AppData/Local/Arm/Packs/Keil/TM4C_DFP/1.1.0/Device/Include/TM4C123/TM4C123GH6PM.h(1077): warning: anonymous unions are a C11 extension [-Wc11-extensions]
  union {
  ^
C:/Users/ahmee/AppData/Local/Arm/Packs/Keil/TM4C_DFP/1.1.0/Device/Include/TM4C123/TM4C123GH6PM.h(1084): warning: anonymous unions are a C11 extension [-Wc11-extensions]
  union {
  ^
C:/Users/ahmee/AppData/Local/Arm/Packs/Keil/TM4C_DFP/1.1.0/Device/Include/TM4C123/TM4C123GH6PM.h(1089): warning: anonymous unions are a C11 extension [-Wc11-extensions]
  union {
  ^
C:/Users/ahmee/AppData/Local/Arm/Packs/Keil/TM4C_DFP/1.1.0/Device/Include/TM4C123/TM4C123GH6PM.h(1096): warning: anonymous unions are a C11 extension [-Wc11-extensions]
  union {
  ^
C:/Users/ahmee/AppData/Local/Arm/Packs/Keil/TM4C_DFP/1.1.0/Device/Include/TM4C123/TM4C123GH6PM.h(1102): warning: anonymous unions are a C11 extension [-Wc11-extensions]
  union {
  ^
C:/Users/ahmee/AppData/Local/Arm/Packs/Keil/TM4C_DFP/1.1.0/Device/Include/TM4C123/TM4C123GH6PM.h(1251): warning: anonymous unions are a C11 extension [-Wc11-extensions]
  union {
  ^
RTE/Device/TM4C123GH6PM/system_TM4C123.c(19): warning: // comments are not allowed in this language [-Wcomment]
//-------- <<< Use Configuration Wizard in Context Menu >>> ------------------
^
45 warnings generated.
compiling system_TM4C123.c...
linking...
Program Size: Code=2000 RO-data=768 RW-data=4 ZI-data=608  
FromELF: creating hex file...
".\Objects\Led_Controllrer.axf" - 0 Error(s), 72 Warning(s).

<h2>Software Packages used:</h2>

Package Vendor: ARM
                http://www.keil.com/pack/ARM.CMSIS.5.9.0.pack
                ARM.CMSIS.5.9.0
                CMSIS (Common Microcontroller Software Interface Standard)
   * Component: CORE Version: 5.6.0

Package Vendor: Keil
                http://www.keil.com/pack/Keil.TM4C_DFP.1.1.0.pack
                Keil.TM4C_DFP.1.1.0
                Texas Instruments Tiva C Series Device Support and Examples
   * Component: Startup Version: 1.0.1

<h2>Collection of Component include folders:</h2>
  ./RTE/_Target_1
  C:/Users/ahmee/AppData/Local/Arm/Packs/ARM/CMSIS/5.9.0/CMSIS/Core/Include
  C:/Users/ahmee/AppData/Local/Arm/Packs/Keil/TM4C_DFP/1.1.0/Device/Include/TM4C123

<h2>Collection of Component Files used:</h2>

   * Component: ARM::CMSIS:CORE:5.6.0

   * Component: Keil::Device:Startup:1.0.1
      Include file:  Device/Include/TM4C123/TM4C123.h
      Source file:   Device/Source/ARM/startup_TM4C123.s
      Source file:   Device/Source/system_TM4C123.c
Build Time Elapsed:  00:00:02
</pre>
</body>
</html>
