<html>
<body>
<pre>
<h1>µVision Build Log</h1>
<h2>Tool Versions:</h2>
IDE-Version: µVision V5.29.0.0
Copyright (C) 2019 ARM Ltd and ARM Germany GmbH. All rights reserved.
License Information: Ahmed Khaled, Cairo University, LIC=----
 
Tool Versions:
Toolchain:       MDK-Lite  Version: 5.29.0.0
Toolchain Path:  C:\Keil_v5\ARM\ARMCC\Bin
C Compiler:      Armcc.exe V5.06 update 6 (build 750)
Assembler:       Armasm.exe V5.06 update 6 (build 750)
Linker/Locator:  ArmLink.exe V5.06 update 6 (build 750)
Library Manager: ArmAr.exe V5.06 update 6 (build 750)
Hex Converter:   FromElf.exe V5.06 update 6 (build 750)
CPU DLL:         SARMCM3.DLL V5.29.0.0
Dialog DLL:      DCM.DLL V1.17.3.0
Target DLL:      UL2CM3.DLL V1.163.0.0
Dialog DLL:      TCM.DLL V1.36.5.0
 
<h2>Project:</h2>
C:\Users\ahmee\Desktop\Led Controller\Led Controller.uvprojx
Project File Date:  08/09/2022

<h2>Output:</h2>
*** Using Compiler 'V5.06 update 6 (build 750)', folder: 'C:\Keil_v5\ARM\ARMCC\Bin'
Rebuild target 'Target 1'
compiling IntCtrl_Lcfg.c...
compiling GPT_Lcfg.c...
compiling GPT.c...
Mcal\GPT.c(193): warning:  #260-D: explicit type is missing ("int" assumed)
  TIMER0A_Handler(){
Mcal\GPT.c(201): warning:  #260-D: explicit type is missing ("int" assumed)
  TIMER1A_Handler(){
Mcal\GPT.c(208): warning:  #260-D: explicit type is missing ("int" assumed)
  WTIMER0A_Handler(){
Mcal\GPT.c(215): warning:  #260-D: explicit type is missing ("int" assumed)
  WTIMER1A_Handler(){
Mcal\GPT.c: 4 warnings, 0 errors
compiling Port.c...
compiling IntCtrl.c...
compiling DIO.c...
Mcal\DIO.c(66): warning:  #188-D: enumerated type mixed with another type
      return GPIO_REG( GPIO_baseAddress[port_id], GPIODATA + ( 1 << (2 + pin_id) ) );
Mcal\DIO.c(146): warning:  #188-D: enumerated type mixed with another type
  		return ( (1 ^ current_level) << pin_id );
Mcal\DIO.c: 2 warnings, 0 errors
compiling main.c...
assembling startup_TM4C123.s...
compiling Port_Lcfg.c...
compiling system_TM4C123.c...
linking...
Program Size: Code=1960 RO-data=768 RW-data=4 ZI-data=612  
FromELF: creating hex file...
".\Objects\Led Controller.axf" - 0 Error(s), 6 Warning(s).

<h2>Software Packages used:</h2>

Package Vendor: ARM
                http://www.keil.com/pack/ARM.CMSIS.5.9.0.pack
                ARM.CMSIS.5.9.0
                CMSIS (Common Microcontroller Software Interface Standard)
   * Component: CORE Version: 5.6.0

Package Vendor: Keil
                http://www.keil.com/pack/Keil.TM4C_DFP.1.1.0.pack
                Keil.TM4C_DFP.1.1.0
                Texas Instruments Tiva C Series Device Support and Examples
   * Component: Startup Version: 1.0.1

<h2>Collection of Component include folders:</h2>
  .\RTE\_Target_1
  C:\Users\ahmee\AppData\Local\Arm\Packs\ARM\CMSIS\5.9.0\CMSIS\Core\Include
  C:\Users\ahmee\AppData\Local\Arm\Packs\Keil\TM4C_DFP\1.1.0\Device\Include\TM4C123

<h2>Collection of Component Files used:</h2>

   * Component: ARM::CMSIS:CORE:5.6.0

   * Component: Keil::Device:Startup:1.0.1
      Include file:  Device\Include\TM4C123\TM4C123.h
      Source file:   Device\Source\ARM\startup_TM4C123.s
      Source file:   Device\Source\system_TM4C123.c
Build Time Elapsed:  00:00:01
</pre>
</body>
</html>
